Verify: Abc Def
Verify: AbcDef
Verify: abc _def
Verify: abc_def
Verify: Test completed successfully.
