Verify: Inserted 10 records.
Verify: Test completed successfully.
