Error: Exception Exception has occurred with message Cannot serialize type date.
